// Vitest Snapshot v1, https://vitest.dev/guide/snapshot.html

exports[`Grid.astro Component > snapshot: default render 1`] = `"<div class="u-block u-initial u-default u-gap-md u-items-start u-justify-normal u-content-stretch u-p-md u-pt-md u-pb-md u-pl-md u-pr-md u-m-md u-mt-md u-mb-md u-ml-md u-mr-md" style="justify-content:normal;align-items:flex-start;align-content:stretch;text-align:left;overflow:hidden;height:auto;width:auto;transition-property:all;transition-duration:300ms;transition-timing-function:ease-in-out;background-color:transparent;border-radius:0;box-shadow:none;gap:var(--space-4);padding:var(--space-4);margin:var(--space-4)" aria-disabled="false" aria-hidden="false" data-astro-cid-j27xmcxv="true">  </div> "`;

exports[`Grid.astro Component > snapshot: full grid with all props 1`] = `"<div class="u-grid u-modern u-primary u-cols-3 u-gap-lg u-items-start u-justify-normal u-content-stretch u-p-xl u-pt-md u-pb-md u-pl-md u-pr-md u-m-sm u-mt-md u-mb-md u-ml-md u-mr-md" style="grid-template-columns:repeat(3, 1fr);justify-content:normal;align-items:flex-start;align-content:stretch;text-align:left;overflow:hidden;height:auto;width:auto;transition-property:all;transition-duration:300ms;transition-timing-function:ease-in-out;background-color:transparent;border:2px solid currentColor;border-radius:0;box-shadow:none;gap:var(--space-6);padding:var(--space-8);margin:var(--space-2)" aria-disabled="false" aria-hidden="false" data-astro-cid-j27xmcxv="true">  </div> "`;
