// Vitest Snapshot v1, https://vitest.dev/guide/snapshot.html

exports[`Grid component contract (qGRID) > Snapshot 1`] = `"<div class="u-block u-initial u-default u-gap- u-items-start u-justify-normal u-content-stretch      " style="justify-content:normal;align-items:flex-start;align-content:stretch;text-align:left;overflow:hidden;height:auto;width:auto;transition-property:all;transition-duration:300ms;transition-timing-function:ease-in-out;background-color:transparent;border-radius:0;box-shadow:none;gap:var(--space-4);padding:var(--space-4);margin:var(--space-4)" aria-disabled="false" aria-hidden="false"> <div>Cell</div> </div> "`;
