[     169ms] Illegal return statement
[     170ms] Illegal return statement
[    1047ms] Illegal return statement
[    1049ms] Illegal return statement
[   11951ms] Illegal return statement
[   11954ms] Illegal return statement
[   11962ms] Illegal return statement
[   11965ms] Illegal return statement
[  196424ms] [ERROR] Failed to load resource: the server responded with a status of 500 (Internal Server Error) @ http://localhost:4321/fr/profil:0
[  196530ms] [ERROR] Failed to load resource: the server responded with a status of 404 (Not Found) @ http://localhost:4321/favicon.ico:0
[  230732ms] [ERROR] Failed to load resource: the server responded with a status of 500 (Internal Server Error) @ http://localhost:4321/fr/profil:0
[  247825ms] [ERROR] Failed to load resource: the server responded with a status of 500 (Internal Server Error) @ http://localhost:4321/fr/profil:0
[  284893ms] [ERROR] Failed to load resource: the server responded with a status of 500 (Internal Server Error) @ http://localhost:4321/fr/profil:0
[  306726ms] [ERROR] Failed to load resource: the server responded with a status of 500 (Internal Server Error) @ http://localhost:4321/fr/profil:0
[  337217ms] [ERROR] Failed to load resource: the server responded with a status of 500 (Internal Server Error) @ http://localhost:4321/fr/profil:0
[  353030ms] [ERROR] Failed to load resource: the server responded with a status of 500 (Internal Server Error) @ http://localhost:4321/fr/profil:0
[  369045ms] [ERROR] Failed to load resource: the server responded with a status of 500 (Internal Server Error) @ http://localhost:4321/fr/profil:0
[  394635ms] [ERROR] Failed to load resource: the server responded with a status of 500 (Internal Server Error) @ http://localhost:4321/fr/profil:0
[  421650ms] [ERROR] Failed to load resource: the server responded with a status of 500 (Internal Server Error) @ http://localhost:4321/fr/profil:0
[  429215ms] [ERROR] Failed to load resource: the server responded with a status of 500 (Internal Server Error) @ http://localhost:4321/fr/profil:0
[  442839ms] [ERROR] Failed to load resource: the server responded with a status of 500 (Internal Server Error) @ http://localhost:4321/fr/profil:0
[  458825ms] [ERROR] Failed to load resource: the server responded with a status of 500 (Internal Server Error) @ http://localhost:4321/fr/profil:0
[  461756ms] [ERROR] Failed to load resource: the server responded with a status of 500 (Internal Server Error) @ http://localhost:4321/fr/profil:0
[  467146ms] [ERROR] Failed to load resource: the server responded with a status of 500 (Internal Server Error) @ http://localhost:4321/fr/profil:0
[  469316ms] [ERROR] Failed to load resource: the server responded with a status of 500 (Internal Server Error) @ http://localhost:4321/fr/profil:0
[  474103ms] [ERROR] Failed to load resource: the server responded with a status of 500 (Internal Server Error) @ http://localhost:4321/fr/profil:0
[  765820ms] [ERROR] Failed to load resource: the server responded with a status of 500 (Internal Server Error) @ http://localhost:4321/fr/profil:0
[  775221ms] [ERROR] Failed to load resource: the server responded with a status of 500 (Internal Server Error) @ http://localhost:4321/fr/profil:0
[  810830ms] [ERROR] Failed to load resource: the server responded with a status of 500 (Internal Server Error) @ http://localhost:4321/fr/profil:0
[  903189ms] [ERROR] Failed to load resource: the server responded with a status of 500 (Internal Server Error) @ http://localhost:4321/fr/profil:0
[ 1060794ms] [ERROR] Failed to load resource: the server responded with a status of 500 (Internal Server Error) @ http://localhost:4321/fr/profil:0
[ 1077526ms] [ERROR] Failed to load resource: the server responded with a status of 500 (Internal Server Error) @ http://localhost:4321/fr/profil:0
[ 1094292ms] [ERROR] Failed to load resource: the server responded with a status of 500 (Internal Server Error) @ http://localhost:4321/fr/profil:0
[ 1103558ms] [ERROR] Failed to load resource: the server responded with a status of 500 (Internal Server Error) @ http://localhost:4321/fr/profil:0
[ 1122663ms] [ERROR] Failed to load resource: the server responded with a status of 500 (Internal Server Error) @ http://localhost:4321/fr/profil:0
[ 1191943ms] [ERROR] Failed to load resource: the server responded with a status of 500 (Internal Server Error) @ http://localhost:4321/fr/profil:0
[ 1210725ms] [ERROR] Failed to load resource: the server responded with a status of 500 (Internal Server Error) @ http://localhost:4321/fr/profil:0
[ 1226601ms] [ERROR] Failed to load resource: the server responded with a status of 500 (Internal Server Error) @ http://localhost:4321/fr/profil:0
[ 1468779ms] [ERROR] Failed to load resource: the server responded with a status of 500 (Internal Server Error) @ http://localhost:4321/fr/profil:0
[ 1489358ms] [ERROR] Failed to load resource: the server responded with a status of 500 (Internal Server Error) @ http://localhost:4321/fr/profil:0
[ 1495653ms] [ERROR] Failed to load resource: the server responded with a status of 500 (Internal Server Error) @ http://localhost:4321/fr/profil:0
[ 1620553ms] [ERROR] Failed to load resource: the server responded with a status of 500 (Internal Server Error) @ http://localhost:4321/fr/profil:0
[ 2189106ms] [ERROR] Failed to load resource: the server responded with a status of 500 (Internal Server Error) @ http://localhost:4321/fr/profil:0
[ 2202988ms] [ERROR] Failed to load resource: the server responded with a status of 500 (Internal Server Error) @ http://localhost:4321/fr/profil:0
[ 2204804ms] [ERROR] Failed to load resource: the server responded with a status of 500 (Internal Server Error) @ http://localhost:4321/fr/profil:0
[ 2230156ms] [ERROR] Failed to load resource: the server responded with a status of 500 (Internal Server Error) @ http://localhost:4321/fr/profil:0
[ 2232596ms] [ERROR] Failed to load resource: the server responded with a status of 500 (Internal Server Error) @ http://localhost:4321/fr/profil:0
[ 2271361ms] [ERROR] Failed to load resource: the server responded with a status of 500 (Internal Server Error) @ http://localhost:4321/fr/profil:0
[ 2279214ms] [ERROR] Failed to load resource: the server responded with a status of 500 (Internal Server Error) @ http://localhost:4321/fr/profil:0
[ 2282273ms] [ERROR] Failed to load resource: the server responded with a status of 500 (Internal Server Error) @ http://localhost:4321/fr/profil:0
[ 2296519ms] [ERROR] Failed to load resource: the server responded with a status of 500 (Internal Server Error) @ http://localhost:4321/fr/profil:0
[ 2303807ms] [ERROR] Failed to load resource: the server responded with a status of 500 (Internal Server Error) @ http://localhost:4321/fr/profil:0
[ 2319977ms] [ERROR] Failed to load resource: the server responded with a status of 500 (Internal Server Error) @ http://localhost:4321/fr/profil:0
[ 2338841ms] [ERROR] Failed to load resource: the server responded with a status of 500 (Internal Server Error) @ http://localhost:4321/fr/profil:0
[ 2357536ms] [ERROR] Failed to load resource: the server responded with a status of 500 (Internal Server Error) @ http://localhost:4321/fr/profil:0
[ 2360952ms] [ERROR] Failed to load resource: the server responded with a status of 500 (Internal Server Error) @ http://localhost:4321/fr/profil:0
[ 2376035ms] [ERROR] Failed to load resource: the server responded with a status of 500 (Internal Server Error) @ http://localhost:4321/fr/profil:0
[ 2379364ms] [ERROR] Failed to load resource: the server responded with a status of 500 (Internal Server Error) @ http://localhost:4321/fr/profil:0
[ 2403973ms] Illegal return statement
[ 2403974ms] Illegal return statement
[ 2403974ms] Illegal return statement
[ 2403975ms] Illegal return statement
[ 2404482ms] Illegal return statement
[ 2404482ms] Illegal return statement
[ 2404483ms] Illegal return statement
[ 2404486ms] Illegal return statement
[ 2405332ms] Illegal return statement
[ 2405339ms] Illegal return statement
[ 2405342ms] Illegal return statement
[ 2405346ms] Illegal return statement
[ 2405550ms] Illegal return statement
[ 2405551ms] Illegal return statement
[ 2405551ms] Illegal return statement
[ 2405552ms] Illegal return statement
[ 2405830ms] Illegal return statement
[ 2405830ms] Illegal return statement
[ 2405831ms] Illegal return statement
[ 2405834ms] Illegal return statement
[ 2406123ms] Illegal return statement
[ 2406123ms] Illegal return statement
[ 2406124ms] Illegal return statement
[ 2406124ms] Illegal return statement
[ 2406518ms] Illegal return statement
[ 2406518ms] Illegal return statement
[ 2406519ms] Illegal return statement
[ 2406520ms] Illegal return statement
[ 2406815ms] Illegal return statement
[ 2406816ms] Illegal return statement
[ 2406816ms] Illegal return statement
[ 2406817ms] Illegal return statement
[ 2407081ms] Illegal return statement
[ 2407081ms] Illegal return statement
[ 2407081ms] Illegal return statement
[ 2407082ms] Illegal return statement
[ 2408064ms] Illegal return statement
[ 2408068ms] Illegal return statement
[ 2408068ms] Illegal return statement
[ 2408070ms] Illegal return statement
[ 2408880ms] Illegal return statement
[ 2408889ms] Illegal return statement
[ 2408898ms] Illegal return statement
[ 2408898ms] Illegal return statement
[ 2409353ms] Illegal return statement
[ 2409362ms] Illegal return statement
[ 2409363ms] Illegal return statement
[ 2409365ms] Illegal return statement
[ 2409603ms] Illegal return statement
[ 2409604ms] Illegal return statement
[ 2409605ms] Illegal return statement
[ 2409606ms] Illegal return statement
[ 2409911ms] Illegal return statement
[ 2409911ms] Illegal return statement
[ 2409915ms] Illegal return statement
[ 2409917ms] Illegal return statement
[ 2410212ms] Illegal return statement
[ 2410213ms] Illegal return statement
[ 2410213ms] Illegal return statement
[ 2410214ms] Illegal return statement
[ 2410483ms] Illegal return statement
[ 2410497ms] Illegal return statement
[ 2410503ms] Illegal return statement
[ 2410507ms] Illegal return statement
[ 2410786ms] Illegal return statement
[ 2410787ms] Illegal return statement
[ 2410788ms] Illegal return statement
[ 2410789ms] Illegal return statement
[ 2411098ms] Illegal return statement
[ 2411113ms] Illegal return statement
[ 2411114ms] Illegal return statement
[ 2411115ms] Illegal return statement
[ 2411393ms] Illegal return statement
[ 2411393ms] Illegal return statement
[ 2411394ms] Illegal return statement
[ 2411394ms] Illegal return statement
[ 2411662ms] Illegal return statement
[ 2411663ms] Illegal return statement
[ 2411663ms] Illegal return statement
[ 2411664ms] Illegal return statement
[ 2411988ms] Illegal return statement
[ 2411988ms] Illegal return statement
[ 2411989ms] Illegal return statement
[ 2411992ms] Illegal return statement
[ 2412278ms] Illegal return statement
[ 2412285ms] Illegal return statement
[ 2412285ms] Illegal return statement
[ 2412286ms] Illegal return statement
[ 2412561ms] Illegal return statement
[ 2412562ms] Illegal return statement
[ 2412563ms] Illegal return statement
[ 2412580ms] Illegal return statement
[ 2412897ms] Illegal return statement
[ 2412906ms] Illegal return statement
[ 2412908ms] Illegal return statement
[ 2412908ms] Illegal return statement
[ 2413176ms] Illegal return statement
[ 2413183ms] Illegal return statement
[ 2413189ms] Illegal return statement
[ 2413190ms] Illegal return statement
[ 2413463ms] Illegal return statement
[ 2413473ms] Illegal return statement
[ 2413475ms] Illegal return statement
[ 2413477ms] Illegal return statement
[ 2413787ms] Illegal return statement
[ 2413787ms] Illegal return statement
[ 2413788ms] Illegal return statement
[ 2413788ms] Illegal return statement
[ 2414329ms] Illegal return statement
[ 2414330ms] Illegal return statement
[ 2414331ms] Illegal return statement
[ 2414332ms] Illegal return statement
[ 2414546ms] Illegal return statement
[ 2414547ms] Illegal return statement
[ 2414547ms] Illegal return statement
[ 2414547ms] Illegal return statement
[ 2414799ms] Illegal return statement
[ 2414800ms] Illegal return statement
[ 2414800ms] Illegal return statement
[ 2414801ms] Illegal return statement
[ 2415228ms] Illegal return statement
[ 2415238ms] Illegal return statement
[ 2415239ms] Illegal return statement
[ 2415241ms] Illegal return statement
[ 2415520ms] Illegal return statement
[ 2415521ms] Illegal return statement
[ 2415521ms] Illegal return statement
[ 2415522ms] Illegal return statement
[ 2415799ms] Illegal return statement
[ 2415802ms] Illegal return statement
[ 2415808ms] Illegal return statement
[ 2415822ms] Illegal return statement
[ 2416066ms] Illegal return statement
[ 2416068ms] Illegal return statement
[ 2416070ms] Illegal return statement
[ 2416072ms] Illegal return statement
[ 2416340ms] Illegal return statement
[ 2416341ms] Illegal return statement
[ 2416342ms] Illegal return statement
[ 2416344ms] Illegal return statement
[ 2416627ms] Illegal return statement
[ 2416627ms] Illegal return statement
[ 2416628ms] Illegal return statement
[ 2416630ms] Illegal return statement
[ 2416884ms] Illegal return statement
[ 2416885ms] Illegal return statement
[ 2416885ms] Illegal return statement
[ 2416887ms] Illegal return statement
[ 2417117ms] Illegal return statement
[ 2417118ms] Illegal return statement
[ 2417119ms] Illegal return statement
[ 2417120ms] Illegal return statement
[ 2417357ms] Illegal return statement
[ 2417358ms] Illegal return statement
[ 2417360ms] Illegal return statement
[ 2417362ms] Illegal return statement
[ 2417604ms] Illegal return statement
[ 2417605ms] Illegal return statement
[ 2417608ms] Illegal return statement
[ 2417609ms] Illegal return statement
[ 2417852ms] Illegal return statement
[ 2417852ms] Illegal return statement
[ 2417853ms] Illegal return statement
[ 2417853ms] Illegal return statement
[ 2418107ms] Illegal return statement
[ 2418108ms] Illegal return statement
[ 2418108ms] Illegal return statement
[ 2418108ms] Illegal return statement
[ 2418348ms] Illegal return statement
[ 2418349ms] Illegal return statement
[ 2418350ms] Illegal return statement
[ 2418351ms] Illegal return statement
[ 2418600ms] Illegal return statement
[ 2418600ms] Illegal return statement
[ 2418601ms] Illegal return statement
[ 2418605ms] Illegal return statement
[ 2418863ms] Illegal return statement
[ 2418863ms] Illegal return statement
[ 2418864ms] Illegal return statement
[ 2418864ms] Illegal return statement
[ 2419453ms] Illegal return statement
[ 2419461ms] Illegal return statement
[ 2419461ms] Illegal return statement
[ 2419464ms] Illegal return statement
[ 2420110ms] Illegal return statement
[ 2420111ms] Illegal return statement
[ 2420111ms] Illegal return statement
[ 2420113ms] Illegal return statement
[ 2420462ms] Illegal return statement
[ 2420463ms] Illegal return statement
[ 2420475ms] Illegal return statement
[ 2420480ms] Illegal return statement
[ 2420774ms] Illegal return statement
[ 2420776ms] Illegal return statement
[ 2420779ms] Illegal return statement
[ 2420781ms] Illegal return statement
[ 2421028ms] Illegal return statement
[ 2421029ms] Illegal return statement
[ 2421030ms] Illegal return statement
[ 2421031ms] Illegal return statement
[ 2421310ms] Illegal return statement
[ 2421315ms] Illegal return statement
[ 2421319ms] Illegal return statement
[ 2421319ms] Illegal return statement
[ 2421579ms] Illegal return statement
[ 2421581ms] Illegal return statement
[ 2421585ms] Illegal return statement
[ 2421592ms] Illegal return statement
[ 2421852ms] Illegal return statement
[ 2421853ms] Illegal return statement
[ 2421853ms] Illegal return statement
[ 2421855ms] Illegal return statement
[ 2422359ms] Illegal return statement
[ 2422359ms] Illegal return statement
[ 2422360ms] Illegal return statement
[ 2422362ms] Illegal return statement
[ 2422619ms] Illegal return statement
[ 2422622ms] Illegal return statement
[ 2422623ms] Illegal return statement
[ 2422632ms] Illegal return statement
[ 2422894ms] Illegal return statement
[ 2422895ms] Illegal return statement
[ 2422895ms] Illegal return statement
[ 2422897ms] Illegal return statement
[ 2423178ms] Illegal return statement
[ 2423179ms] Illegal return statement
[ 2423179ms] Illegal return statement
[ 2423180ms] Illegal return statement
[ 2423493ms] Illegal return statement
[ 2423494ms] Illegal return statement
[ 2423494ms] Illegal return statement
[ 2423495ms] Illegal return statement
[ 2423924ms] Illegal return statement
[ 2423924ms] Illegal return statement
[ 2423925ms] Illegal return statement
[ 2423926ms] Illegal return statement
[ 2424518ms] Illegal return statement
[ 2424527ms] Illegal return statement
[ 2424528ms] Illegal return statement
[ 2424530ms] Illegal return statement
[ 2425588ms] Illegal return statement
[ 2425589ms] Illegal return statement
[ 2425591ms] Illegal return statement
[ 2425591ms] Illegal return statement
[ 2426324ms] Illegal return statement
[ 2426325ms] Illegal return statement
[ 2426326ms] Illegal return statement
[ 2426328ms] Illegal return statement
[ 2426584ms] Illegal return statement
[ 2426584ms] Illegal return statement
[ 2426585ms] Illegal return statement
[ 2426589ms] Illegal return statement
[ 2426983ms] Illegal return statement
[ 2426983ms] Illegal return statement
[ 2426984ms] Illegal return statement
[ 2426984ms] Illegal return statement
[ 2427170ms] Illegal return statement
[ 2427174ms] Illegal return statement
[ 2427176ms] Illegal return statement
[ 2427176ms] Illegal return statement
[ 2427506ms] Illegal return statement
[ 2427507ms] Illegal return statement
[ 2427508ms] Illegal return statement
[ 2427509ms] Illegal return statement
[ 2427797ms] Illegal return statement
[ 2427797ms] Illegal return statement
[ 2427798ms] Illegal return statement
[ 2427799ms] Illegal return statement
[ 2428095ms] Illegal return statement
[ 2428095ms] Illegal return statement
[ 2428096ms] Illegal return statement
[ 2428097ms] Illegal return statement
[ 2428401ms] Illegal return statement
[ 2428401ms] Illegal return statement
[ 2428402ms] Illegal return statement
[ 2428404ms] Illegal return statement
[ 2428712ms] Illegal return statement
[ 2428712ms] Illegal return statement
[ 2428713ms] Illegal return statement
[ 2428714ms] Illegal return statement
[ 2428994ms] Illegal return statement
[ 2428995ms] Illegal return statement
[ 2428995ms] Illegal return statement
[ 2428996ms] Illegal return statement
[ 2429429ms] Illegal return statement
[ 2429430ms] Illegal return statement
[ 2429430ms] Illegal return statement
[ 2429431ms] Illegal return statement
[ 2429708ms] Illegal return statement
[ 2429708ms] Illegal return statement
[ 2429710ms] Illegal return statement
[ 2429714ms] Illegal return statement
[ 2430042ms] Illegal return statement
[ 2430043ms] Illegal return statement
[ 2430062ms] Illegal return statement
[ 2430080ms] Illegal return statement
[ 2430711ms] Illegal return statement
[ 2430712ms] Illegal return statement
[ 2430713ms] Illegal return statement
[ 2430713ms] Illegal return statement
[ 2623497ms] Illegal return statement
[ 2623498ms] Illegal return statement
[ 2623499ms] Illegal return statement
[ 2623502ms] Illegal return statement
[ 2627539ms] Illegal return statement
[ 2627540ms] Illegal return statement
[ 2630814ms] Illegal return statement
[ 2630816ms] Illegal return statement
[ 2636931ms] Illegal return statement
[ 2636933ms] Illegal return statement
[ 2646101ms] Illegal return statement
[ 2646103ms] Illegal return statement
[ 2646104ms] Illegal return statement
[ 2646104ms] Illegal return statement
[ 2793183ms] Illegal return statement
[ 2793183ms] Illegal return statement
[ 2793184ms] Illegal return statement
[ 2793184ms] Illegal return statement
[ 2936601ms] Illegal return statement
[ 2936602ms] Illegal return statement
[ 2936602ms] Illegal return statement
[ 2936603ms] Illegal return statement
[ 2936917ms] Illegal return statement
[ 2936918ms] Illegal return statement
[ 2936919ms] Illegal return statement
[ 2936926ms] Illegal return statement
[ 2937217ms] Illegal return statement
[ 2937218ms] Illegal return statement
[ 2937219ms] Illegal return statement
[ 2937221ms] Illegal return statement
[ 2937510ms] Illegal return statement
[ 2937510ms] Illegal return statement
[ 2937511ms] Illegal return statement
[ 2937515ms] Illegal return statement
[ 2937774ms] Illegal return statement
[ 2937775ms] Illegal return statement
[ 2937775ms] Illegal return statement
[ 2937777ms] Illegal return statement
[ 2938208ms] Illegal return statement
[ 2938217ms] Illegal return statement
[ 2938220ms] Illegal return statement
[ 2938222ms] Illegal return statement
[ 2938421ms] Illegal return statement
[ 2938422ms] Illegal return statement
[ 2938424ms] Illegal return statement
[ 2938424ms] Illegal return statement
[ 2938592ms] Illegal return statement
[ 2938593ms] Illegal return statement
[ 2954495ms] Illegal return statement
[ 2954496ms] Illegal return statement
[ 2969069ms] Illegal return statement
[ 2969069ms] Illegal return statement
[ 3092967ms] Illegal return statement
[ 3092967ms] Illegal return statement
[ 3104438ms] Illegal return statement
[ 3104440ms] Illegal return statement
[ 3112372ms] Illegal return statement
[ 3112373ms] Illegal return statement
[ 3193243ms] Illegal return statement
[ 3193252ms] Illegal return statement
[ 3198065ms] Illegal return statement
[ 3198065ms] Illegal return statement
[ 3200385ms] [ERROR] Failed to load resource: the server responded with a status of 404 (Not Found) @ http://localhost:4321/es/auth/sign-in:0
[ 3200529ms] Illegal return statement
[ 3200530ms] Illegal return statement
[ 3200530ms] Illegal return statement
[ 3200532ms] Illegal return statement
[ 3203606ms] [ERROR] Failed to load resource: the server responded with a status of 404 (Not Found) @ http://localhost:4321/es/auth/profile:0
[ 3203706ms] Illegal return statement
[ 3203707ms] Illegal return statement
[ 3203708ms] Illegal return statement
[ 3203710ms] Illegal return statement
[ 3205530ms] [ERROR] Failed to load resource: the server responded with a status of 404 (Not Found) @ http://localhost:4321/es/auth/profile:0
[ 3205635ms] Illegal return statement
[ 3205636ms] Illegal return statement
[ 3205637ms] Illegal return statement
[ 3205638ms] Illegal return statement
[ 3212289ms] Illegal return statement
[ 3212290ms] Illegal return statement
[ 3212291ms] Illegal return statement
[ 3212291ms] Illegal return statement
[ 3212507ms] Illegal return statement
[ 3212508ms] Illegal return statement
[ 3212509ms] Illegal return statement
[ 3212510ms] Illegal return statement
[ 3212774ms] Illegal return statement
[ 3212774ms] Illegal return statement
[ 3212775ms] Illegal return statement
[ 3212776ms] Illegal return statement
[ 3213056ms] Illegal return statement
[ 3213057ms] Illegal return statement
[ 3213058ms] Illegal return statement
[ 3213059ms] Illegal return statement
[ 3213342ms] Illegal return statement
[ 3213342ms] Illegal return statement
[ 3213343ms] Illegal return statement
[ 3213343ms] Illegal return statement
[ 3213619ms] Illegal return statement
[ 3213620ms] Illegal return statement
[ 3213621ms] Illegal return statement
[ 3213622ms] Illegal return statement
[ 3213717ms] [ERROR] Failed to load resource: the server responded with a status of 404 (Not Found) @ http://localhost:4321/es/auth/profile:0
[ 3213785ms] Illegal return statement
[ 3213786ms] Illegal return statement
[ 3213787ms] Illegal return statement
[ 3213789ms] Illegal return statement
[ 3213953ms] [ERROR] Failed to load resource: the server responded with a status of 404 (Not Found) @ http://localhost:4321/es/auth/profile:0
[ 3214165ms] Illegal return statement
[ 3214165ms] Illegal return statement
[ 3214166ms] Illegal return statement
[ 3214166ms] Illegal return statement
[ 3312563ms] [ERROR] Failed to load resource: the server responded with a status of 404 (Not Found) @ http://localhost:4321/es/auth/profile:0
[ 3313495ms] Illegal return statement
[ 3313495ms] Illegal return statement
[ 3313496ms] Illegal return statement
[ 3313497ms] Illegal return statement
[ 3331211ms] [ERROR] Failed to load resource: the server responded with a status of 404 (Not Found) @ http://localhost:4321/es/auth/profile:0
[ 3331387ms] Illegal return statement
[ 3331389ms] Illegal return statement
[ 3331394ms] Illegal return statement
[ 3331396ms] Illegal return statement
[ 3339779ms] [ERROR] Failed to load resource: the server responded with a status of 404 (Not Found) @ http://localhost:4321/fr/auth/profile:0
[ 3339887ms] Illegal return statement
[ 3339889ms] Illegal return statement
[ 3339889ms] Illegal return statement
[ 3339890ms] Illegal return statement
[ 3342273ms] Illegal return statement
[ 3342273ms] Illegal return statement
[ 3342274ms] Illegal return statement
[ 3342276ms] Illegal return statement
[ 3342551ms] Illegal return statement
[ 3342552ms] Illegal return statement
[ 3342552ms] Illegal return statement
[ 3342553ms] Illegal return statement
[ 3342835ms] Illegal return statement
[ 3342835ms] Illegal return statement
[ 3342836ms] Illegal return statement
[ 3342836ms] Illegal return statement
[ 3343121ms] Illegal return statement
[ 3343121ms] Illegal return statement
[ 3343121ms] Illegal return statement
[ 3343122ms] Illegal return statement
[ 3343406ms] Illegal return statement
[ 3343406ms] Illegal return statement
[ 3343408ms] Illegal return statement
[ 3343409ms] Illegal return statement
[ 3343701ms] Illegal return statement
[ 3343701ms] Illegal return statement
[ 3343702ms] Illegal return statement
[ 3343702ms] Illegal return statement
[ 3343982ms] Illegal return statement
[ 3343982ms] Illegal return statement
[ 3343983ms] Illegal return statement
[ 3343984ms] Illegal return statement
[ 3344263ms] Illegal return statement
[ 3344263ms] Illegal return statement
[ 3344264ms] Illegal return statement
[ 3344265ms] Illegal return statement
[ 3344448ms] [ERROR] Failed to load resource: the server responded with a status of 404 (Not Found) @ http://localhost:4321/fr/auth/profile:0
[ 3344533ms] Illegal return statement
[ 3344533ms] Illegal return statement
[ 3344534ms] Illegal return statement
[ 3344535ms] Illegal return statement
[ 3344670ms] [ERROR] Failed to load resource: the server responded with a status of 404 (Not Found) @ http://localhost:4321/fr/auth/profile:0
[ 3344777ms] Illegal return statement
[ 3344778ms] Illegal return statement
[ 3344781ms] Illegal return statement
[ 3344783ms] Illegal return statement
[ 3345040ms] [ERROR] Failed to load resource: the server responded with a status of 404 (Not Found) @ http://localhost:4321/fr/auth/profile:0
[ 3345188ms] Illegal return statement
[ 3345190ms] Illegal return statement
[ 3345203ms] Illegal return statement
[ 3345205ms] Illegal return statement
[ 3406362ms] [ERROR] Failed to load resource: the server responded with a status of 404 (Not Found) @ http://localhost:4321/fr/auth/profile:0
[ 3406448ms] Illegal return statement
[ 3406449ms] Illegal return statement
[ 3406449ms] Illegal return statement
[ 3406450ms] Illegal return statement
[ 3413455ms] [ERROR] Failed to load resource: the server responded with a status of 404 (Not Found) @ http://localhost:4321/fr/auth/profile:0
[ 3413562ms] Illegal return statement
[ 3413562ms] Illegal return statement
[ 3413563ms] Illegal return statement
[ 3413563ms] Illegal return statement
[ 3460266ms] [ERROR] Failed to load resource: the server responded with a status of 404 (Not Found) @ http://localhost:4321/fr/auth/profile:0
[ 3460425ms] Illegal return statement
[ 3460433ms] Illegal return statement
[ 3460446ms] Illegal return statement
[ 3460447ms] Illegal return statement
[ 3477056ms] [ERROR] Failed to load resource: the server responded with a status of 404 (Not Found) @ http://localhost:4321/fr/auth/profile:0
[ 3477153ms] Illegal return statement
[ 3477154ms] Illegal return statement
[ 3477155ms] Illegal return statement
[ 3477155ms] Illegal return statement
[ 3510732ms] [ERROR] Failed to load resource: the server responded with a status of 404 (Not Found) @ http://localhost:4321/fr/auth/profile:0
[ 3510828ms] Illegal return statement
[ 3510829ms] Illegal return statement
[ 3510830ms] Illegal return statement
[ 3510831ms] Illegal return statement
[ 3518211ms] Illegal return statement
[ 3518211ms] Illegal return statement
[ 3518212ms] Illegal return statement
[ 3518216ms] Illegal return statement
[ 3518589ms] Illegal return statement
[ 3518591ms] Illegal return statement
[ 3518593ms] Illegal return statement
[ 3518594ms] Illegal return statement
[ 3518876ms] Illegal return statement
[ 3518877ms] Illegal return statement
[ 3518877ms] Illegal return statement
[ 3518878ms] Illegal return statement
[ 3519133ms] Illegal return statement
[ 3519134ms] Illegal return statement
[ 3519135ms] Illegal return statement
[ 3519137ms] Illegal return statement
[ 3519421ms] Illegal return statement
[ 3519423ms] Illegal return statement
[ 3519423ms] Illegal return statement
[ 3519424ms] Illegal return statement
[ 3519699ms] Illegal return statement
[ 3519699ms] Illegal return statement
[ 3519700ms] Illegal return statement
[ 3519700ms] Illegal return statement
[ 3519814ms] [ERROR] Failed to load resource: the server responded with a status of 404 (Not Found) @ http://localhost:4321/fr/auth/profile:0
[ 3519885ms] Illegal return statement
[ 3519888ms] Illegal return statement
[ 3519890ms] Illegal return statement
[ 3519891ms] Illegal return statement
[ 3520079ms] [ERROR] Failed to load resource: the server responded with a status of 404 (Not Found) @ http://localhost:4321/fr/auth/profile:0
[ 3520201ms] Illegal return statement
[ 3520202ms] Illegal return statement
[ 3520204ms] Illegal return statement
[ 3520204ms] Illegal return statement
[ 3580430ms] [ERROR] Failed to load resource: the server responded with a status of 404 (Not Found) @ http://localhost:4321/fr/auth/profile:0
[ 3580580ms] Illegal return statement
[ 3580588ms] Illegal return statement
[ 3580607ms] Illegal return statement
[ 3580608ms] Illegal return statement
[ 3585485ms] Illegal return statement
[ 3585486ms] Illegal return statement
[ 3585487ms] Illegal return statement
[ 3585489ms] Illegal return statement
[ 3585839ms] Illegal return statement
[ 3585840ms] Illegal return statement
[ 3585840ms] Illegal return statement
[ 3585841ms] Illegal return statement
[ 3586165ms] Illegal return statement
[ 3586166ms] Illegal return statement
[ 3586166ms] Illegal return statement
[ 3586167ms] Illegal return statement
[ 3586470ms] Illegal return statement
[ 3586470ms] Illegal return statement
[ 3586470ms] Illegal return statement
[ 3586471ms] Illegal return statement
[ 3586560ms] [ERROR] Failed to load resource: the server responded with a status of 404 (Not Found) @ http://localhost:4321/fr/auth/profile:0
[ 3586703ms] Illegal return statement
[ 3586706ms] Illegal return statement
[ 3586709ms] Illegal return statement
[ 3586712ms] Illegal return statement
[ 3588500ms] [ERROR] Failed to load resource: the server responded with a status of 404 (Not Found) @ http://localhost:4321/es/auth/profile:0
[ 3588565ms] Illegal return statement
[ 3588568ms] Illegal return statement
[ 3588570ms] Illegal return statement
[ 3588572ms] Illegal return statement
[ 3588745ms] [ERROR] Failed to load resource: the server responded with a status of 404 (Not Found) @ http://localhost:4321/es/auth/profile:0
[ 3588855ms] Illegal return statement
[ 3588856ms] Illegal return statement
[ 3588857ms] Illegal return statement
[ 3588857ms] Illegal return statement
[ 3705010ms] [ERROR] Failed to load resource: the server responded with a status of 404 (Not Found) @ http://localhost:4321/es/auth/profile:0
[ 3705189ms] Illegal return statement
[ 3705193ms] Illegal return statement
[ 3705195ms] Illegal return statement
[ 3705196ms] Illegal return statement
[ 3941161ms] [ERROR] Failed to load resource: the server responded with a status of 404 (Not Found) @ http://localhost:4321/es/auth/profile:0
[ 3941266ms] Illegal return statement
[ 3941272ms] Illegal return statement
[ 3941275ms] Illegal return statement
[ 3941276ms] Illegal return statement
[ 3976635ms] [ERROR] Failed to load resource: the server responded with a status of 404 (Not Found) @ http://localhost:4321/es/auth/profile:0
[ 3976749ms] Illegal return statement
[ 3976749ms] Illegal return statement
[ 3976750ms] Illegal return statement
[ 3976750ms] Illegal return statement
[ 3983462ms] [ERROR] Failed to load resource: the server responded with a status of 404 (Not Found) @ http://localhost:4321/es/auth/profile:0
[ 3983562ms] Illegal return statement
[ 3983563ms] Illegal return statement
[ 3983565ms] Illegal return statement
[ 3983572ms] Illegal return statement
[ 3986399ms] [ERROR] Failed to load resource: the server responded with a status of 404 (Not Found) @ http://localhost:4321/fr/auth/profile:0
[ 3986475ms] Illegal return statement
[ 3986475ms] Illegal return statement
[ 3986476ms] Illegal return statement
[ 3986476ms] Illegal return statement
[ 3989743ms] Illegal return statement
[ 3989744ms] Illegal return statement
[ 3989744ms] Illegal return statement
[ 3989748ms] Illegal return statement
[ 3990076ms] Illegal return statement
[ 3990077ms] Illegal return statement
[ 3990077ms] Illegal return statement
[ 3990078ms] Illegal return statement
[ 3990369ms] Illegal return statement
[ 3990369ms] Illegal return statement
[ 3990370ms] Illegal return statement
[ 3990370ms] Illegal return statement
[ 3990680ms] Illegal return statement
[ 3990681ms] Illegal return statement
[ 3990681ms] Illegal return statement
[ 3990682ms] Illegal return statement
[ 3991205ms] [ERROR] Failed to load resource: the server responded with a status of 404 (Not Found) @ http://localhost:4321/fr/auth/profile:0
[ 3991940ms] Illegal return statement
[ 3991940ms] Illegal return statement
[ 3991941ms] Illegal return statement
[ 3991943ms] Illegal return statement
[ 3991715ms] [ERROR] Failed to load resource: the server responded with a status of 404 (Not Found) @ http://localhost:4321/es/auth/profile:0
[ 3992422ms] Illegal return statement
[ 3992423ms] Illegal return statement
[ 3992424ms] Illegal return statement
[ 3992425ms] Illegal return statement
[ 3992149ms] [ERROR] Failed to load resource: the server responded with a status of 404 (Not Found) @ http://localhost:4321/es/auth/profile:0
[ 3992557ms] Illegal return statement
[ 3992557ms] Illegal return statement
[ 3992557ms] Illegal return statement
[ 3992558ms] Illegal return statement
[ 4337286ms] [ERROR] Failed to load resource: the server responded with a status of 404 (Not Found) @ http://localhost:4321/es/auth/profile:0
[ 4337369ms] Illegal return statement
[ 4337369ms] Illegal return statement
[ 4337370ms] Illegal return statement
[ 4337371ms] Illegal return statement
[ 4369247ms] [ERROR] Failed to load resource: the server responded with a status of 404 (Not Found) @ http://localhost:4321/es/auth/profile:0
[ 4369340ms] Illegal return statement
[ 4369342ms] Illegal return statement
[ 4369343ms] Illegal return statement
[ 4369344ms] Illegal return statement
[ 4414308ms] [ERROR] Failed to load resource: the server responded with a status of 404 (Not Found) @ http://localhost:4321/es/auth/profile:0
[ 4414431ms] Illegal return statement
[ 4414433ms] Illegal return statement
[ 4414436ms] Illegal return statement
[ 4414438ms] Illegal return statement
[ 4463207ms] [ERROR] Failed to load resource: the server responded with a status of 404 (Not Found) @ http://localhost:4321/es/auth/profile:0
[ 4463294ms] Illegal return statement
[ 4463295ms] Illegal return statement
[ 4463295ms] Illegal return statement
[ 4463296ms] Illegal return statement
[ 4474685ms] [ERROR] Failed to load resource: the server responded with a status of 404 (Not Found) @ http://localhost:4321/fr/auth/profile:0
[ 4474751ms] Illegal return statement
[ 4474752ms] Illegal return statement
[ 4474754ms] Illegal return statement
[ 4474756ms] Illegal return statement
[ 4475662ms] Illegal return statement
[ 4475663ms] Illegal return statement
[ 4475663ms] Illegal return statement
[ 4475664ms] Illegal return statement
[ 4477196ms] Illegal return statement
[ 4477199ms] Illegal return statement
[ 4477201ms] Illegal return statement
[ 4477201ms] Illegal return statement
[ 4477516ms] Illegal return statement
[ 4477516ms] Illegal return statement
[ 4477517ms] Illegal return statement
[ 4477517ms] Illegal return statement
[ 4477807ms] Illegal return statement
[ 4477807ms] Illegal return statement
[ 4477808ms] Illegal return statement
[ 4477811ms] Illegal return statement
[ 4478123ms] [ERROR] Failed to load resource: the server responded with a status of 404 (Not Found) @ http://localhost:4321/fr/auth/profile:0
[ 4478188ms] Illegal return statement
[ 4478190ms] Illegal return statement
[ 4478191ms] Illegal return statement
[ 4478192ms] Illegal return statement
[ 4478355ms] [ERROR] Failed to load resource: the server responded with a status of 404 (Not Found) @ http://localhost:4321/fr/auth/profile:0
[ 4478438ms] Illegal return statement
[ 4478438ms] Illegal return statement
[ 4478439ms] Illegal return statement
[ 4478439ms] Illegal return statement
[ 4478830ms] [ERROR] Failed to load resource: the server responded with a status of 404 (Not Found) @ http://localhost:4321/es/auth/profile:0
[ 4478891ms] Illegal return statement
[ 4478893ms] Illegal return statement
[ 4478894ms] Illegal return statement
[ 4478895ms] Illegal return statement
[ 4490887ms] [ERROR] Failed to load resource: the server responded with a status of 404 (Not Found) @ http://localhost:4321/es/auth/profile:0
[ 4490966ms] Illegal return statement
[ 4490967ms] Illegal return statement
[ 4490968ms] Illegal return statement
[ 4490969ms] Illegal return statement
[ 4492100ms] [ERROR] Failed to load resource: the server responded with a status of 404 (Not Found) @ http://localhost:4321/es/auth/profile:0
[ 4492264ms] Illegal return statement
[ 4492265ms] Illegal return statement
[ 4492265ms] Illegal return statement
[ 4492266ms] Illegal return statement
[ 4588393ms] [ERROR] Failed to load resource: the server responded with a status of 404 (Not Found) @ http://localhost:4321/es/auth/profile:0
[ 4588522ms] Illegal return statement
[ 4588523ms] Illegal return statement
[ 4588523ms] Illegal return statement
[ 4588524ms] Illegal return statement
[ 4591272ms] [ERROR] Failed to load resource: the server responded with a status of 404 (Not Found) @ http://localhost:4321/es/auth/profile:0
[ 4591379ms] Illegal return statement
[ 4591386ms] Illegal return statement
[ 4591390ms] Illegal return statement
[ 4591401ms] Illegal return statement
[ 4618072ms] [ERROR] Failed to load resource: the server responded with a status of 404 (Not Found) @ http://localhost:4321/es/auth/profile:0
[ 4618176ms] Illegal return statement
[ 4618177ms] Illegal return statement
[ 4618178ms] Illegal return statement
[ 4618178ms] Illegal return statement
[ 4843100ms] [ERROR] Failed to load resource: the server responded with a status of 404 (Not Found) @ http://localhost:4321/es/auth/profile:0
[ 4843267ms] Illegal return statement
[ 4843267ms] Illegal return statement
[ 4843268ms] Illegal return statement
[ 4843268ms] Illegal return statement
[ 4862265ms] [ERROR] Failed to load resource: the server responded with a status of 404 (Not Found) @ http://localhost:4321/es/auth/profile:0
[ 4862349ms] Illegal return statement
[ 4862350ms] Illegal return statement
[ 4862355ms] Illegal return statement
[ 4862357ms] Illegal return statement
[ 4865134ms] [ERROR] Failed to load resource: the server responded with a status of 404 (Not Found) @ http://localhost:4321/fr/auth/profile:0
[ 4865207ms] Illegal return statement
[ 4865210ms] Illegal return statement
[ 4865211ms] Illegal return statement
[ 4865212ms] Illegal return statement
[ 4865937ms] Illegal return statement
[ 4865937ms] Illegal return statement
[ 4865938ms] Illegal return statement
[ 4865938ms] Illegal return statement
[ 4867002ms] Illegal return statement
[ 4867003ms] Illegal return statement
[ 4867003ms] Illegal return statement
[ 4867005ms] Illegal return statement
[ 4867405ms] Illegal return statement
[ 4867406ms] Illegal return statement
[ 4867406ms] Illegal return statement
[ 4867407ms] Illegal return statement
[ 4867699ms] Illegal return statement
[ 4867701ms] Illegal return statement
[ 4867702ms] Illegal return statement
[ 4867704ms] Illegal return statement
[ 4867947ms] [ERROR] Failed to load resource: the server responded with a status of 404 (Not Found) @ http://localhost:4321/fr/auth/profile:0
[ 4868052ms] Illegal return statement
[ 4868053ms] Illegal return statement
[ 4868053ms] Illegal return statement
[ 4868054ms] Illegal return statement
[ 4868217ms] [ERROR] Failed to load resource: the server responded with a status of 404 (Not Found) @ http://localhost:4321/fr/auth/profile:0
[ 4868344ms] Illegal return statement
[ 4868344ms] Illegal return statement
[ 4868346ms] Illegal return statement
[ 4868347ms] Illegal return statement
[ 5136171ms] [ERROR] Failed to load resource: the server responded with a status of 404 (Not Found) @ http://localhost:4321/fr/auth/profile:0
[ 5136299ms] Illegal return statement
[ 5136300ms] Illegal return statement
[ 5136301ms] Illegal return statement
[ 5136301ms] Illegal return statement
[ 5154544ms] Illegal return statement
[ 5154544ms] Illegal return statement
[ 5154545ms] Illegal return statement
[ 5154546ms] Illegal return statement
[ 5155751ms] Illegal return statement
[ 5155751ms] Illegal return statement
[ 5155752ms] Illegal return statement
[ 5155755ms] Illegal return statement
[ 5156054ms] Illegal return statement
[ 5156054ms] Illegal return statement
[ 5156055ms] Illegal return statement
[ 5156056ms] Illegal return statement
[ 5156354ms] Illegal return statement
[ 5156355ms] Illegal return statement
[ 5156355ms] Illegal return statement
[ 5156356ms] Illegal return statement
[ 5156907ms] Illegal return statement
[ 5156908ms] Illegal return statement
[ 5156908ms] Illegal return statement
[ 5156909ms] Illegal return statement
[ 5157140ms] Illegal return statement
[ 5157141ms] Illegal return statement
[ 5157142ms] Illegal return statement
[ 5157143ms] Illegal return statement
[ 5157271ms] [ERROR] Failed to load resource: the server responded with a status of 404 (Not Found) @ http://localhost:4321/fr/auth/profile:0
[ 5157334ms] Illegal return statement
[ 5157335ms] Illegal return statement
[ 5157337ms] Illegal return statement
[ 5157339ms] Illegal return statement
[ 5354580ms] [ERROR] Failed to load resource: the server responded with a status of 404 (Not Found) @ http://localhost:4321/fr/auth/profile:0
[ 5354731ms] Illegal return statement
[ 5354732ms] Illegal return statement
[ 5354733ms] Illegal return statement
[ 5354734ms] Illegal return statement
[ 5404333ms] [ERROR] Failed to load resource: the server responded with a status of 404 (Not Found) @ http://localhost:4321/fr/auth/profile:0
[ 5404535ms] Illegal return statement
[ 5404548ms] Illegal return statement
[ 5404553ms] Illegal return statement
[ 5404555ms] Illegal return statement
[ 5420916ms] [ERROR] Failed to load resource: the server responded with a status of 404 (Not Found) @ http://localhost:4321/fr/auth/profile:0
[ 5421146ms] Illegal return statement
[ 5421146ms] Illegal return statement
[ 5421146ms] Illegal return statement
[ 5421147ms] Illegal return statement
[ 5422779ms] [ERROR] Failed to load resource: the server responded with a status of 404 (Not Found) @ http://localhost:4321/fr/auth/profile:0
[ 5422970ms] Illegal return statement
[ 5422971ms] Illegal return statement
[ 5422972ms] Illegal return statement
[ 5422972ms] Illegal return statement
[ 5424041ms] [ERROR] Failed to load resource: the server responded with a status of 404 (Not Found) @ http://localhost:4321/fr/auth/profile:0
[ 5424184ms] Illegal return statement
[ 5424186ms] Illegal return statement
[ 5424187ms] Illegal return statement
[ 5424188ms] Illegal return statement
[ 5434204ms] [ERROR] Failed to load resource: the server responded with a status of 404 (Not Found) @ http://localhost:4321/fr/auth/profile:0
[ 5434373ms] Illegal return statement
[ 5434383ms] Illegal return statement
[ 5434384ms] Illegal return statement
[ 5434385ms] Illegal return statement
[ 5436384ms] [ERROR] Failed to load resource: the server responded with a status of 404 (Not Found) @ http://localhost:4321/fr/auth/profile:0
[ 5436547ms] Illegal return statement
[ 5436548ms] Illegal return statement
[ 5436548ms] Illegal return statement
[ 5436549ms] Illegal return statement
[ 5448384ms] [ERROR] Failed to load resource: the server responded with a status of 404 (Not Found) @ http://localhost:4321/fr/auth/profile:0
[ 5448992ms] Illegal return statement
[ 5448993ms] Illegal return statement
[ 5448994ms] Illegal return statement
[ 5448994ms] Illegal return statement
[ 5485316ms] Illegal return statement
[ 5485316ms] Illegal return statement
[ 5485317ms] Illegal return statement
[ 5485317ms] Illegal return statement
[ 5485784ms] Illegal return statement
[ 5485784ms] Illegal return statement
[ 5485785ms] Illegal return statement
[ 5485786ms] Illegal return statement
[ 5486070ms] Illegal return statement
[ 5486070ms] Illegal return statement
[ 5486074ms] Illegal return statement
[ 5486076ms] Illegal return statement
[ 5486400ms] Illegal return statement
[ 5486401ms] Illegal return statement
[ 5486402ms] Illegal return statement
[ 5486402ms] Illegal return statement
[ 5486749ms] Illegal return statement
[ 5486749ms] Illegal return statement
[ 5486750ms] Illegal return statement
[ 5486751ms] Illegal return statement
[ 5486817ms] [ERROR] Failed to load resource: the server responded with a status of 404 (Not Found) @ http://localhost:4321/fr/auth/profile:0
[ 5486931ms] Illegal return statement
[ 5486932ms] Illegal return statement
[ 5486933ms] Illegal return statement
[ 5486934ms] Illegal return statement
[ 5487084ms] [ERROR] Failed to load resource: the server responded with a status of 404 (Not Found) @ http://localhost:4321/fr/auth/profile:0
[ 5487520ms] Illegal return statement
[ 5487521ms] Illegal return statement
[ 5487532ms] Illegal return statement
[ 5487533ms] Illegal return statement
[ 5826106ms] [ERROR] Failed to load resource: the server responded with a status of 404 (Not Found) @ http://localhost:4321/fr/auth/profile:0
[ 5826213ms] Illegal return statement
[ 5826216ms] Illegal return statement
[ 5826223ms] Illegal return statement
[ 5826223ms] Illegal return statement
[ 5876509ms] [ERROR] Failed to load resource: the server responded with a status of 404 (Not Found) @ http://localhost:4321/fr/auth/profile:0
[ 5876614ms] Illegal return statement
[ 5876615ms] Illegal return statement
[ 5876615ms] Illegal return statement
[ 5876616ms] Illegal return statement
[ 5882057ms] [ERROR] Failed to load resource: the server responded with a status of 404 (Not Found) @ http://localhost:4321/fr/auth/profile:0
[ 5882149ms] Illegal return statement
[ 5882150ms] Illegal return statement
[ 5882150ms] Illegal return statement
[ 5882151ms] Illegal return statement
[ 5885041ms] Illegal return statement
[ 5885042ms] Illegal return statement
[ 5885043ms] Illegal return statement
[ 5885043ms] Illegal return statement
[ 5886383ms] Illegal return statement
[ 5886383ms] Illegal return statement
[ 5886384ms] Illegal return statement
[ 5886384ms] Illegal return statement
[ 5905551ms] [ERROR] Failed to load resource: the server responded with a status of 404 (Not Found) @ http://localhost:4321/fr/invitations:0
[ 5905657ms] Illegal return statement
[ 5905658ms] Illegal return statement
[ 5905658ms] Illegal return statement
[ 5905659ms] Illegal return statement
[ 5907009ms] Illegal return statement
[ 5907010ms] Illegal return statement
[ 5907010ms] Illegal return statement
[ 5907011ms] Illegal return statement
[ 5910486ms] Illegal return statement
[ 5910487ms] Illegal return statement
[ 5910487ms] Illegal return statement
[ 5910491ms] Illegal return statement
[ 6126568ms] Illegal return statement
[ 6126569ms] Illegal return statement
[ 6126569ms] Illegal return statement
[ 6126570ms] Illegal return statement
[ 6126959ms] Illegal return statement
[ 6126960ms] Illegal return statement
[ 6126961ms] Illegal return statement
[ 6126962ms] Illegal return statement
[ 6127229ms] Illegal return statement
[ 6127230ms] Illegal return statement
[ 6127235ms] Illegal return statement
[ 6127239ms] Illegal return statement
[ 6127526ms] Illegal return statement
[ 6127536ms] Illegal return statement
[ 6127546ms] Illegal return statement
[ 6127552ms] Illegal return statement
[ 6127949ms] Illegal return statement
[ 6127950ms] Illegal return statement
[ 6127951ms] Illegal return statement
[ 6127952ms] Illegal return statement
[ 6128517ms] Illegal return statement
[ 6128517ms] Illegal return statement
[ 6128518ms] Illegal return statement
[ 6128518ms] Illegal return statement
[ 6128863ms] Illegal return statement
[ 6128864ms] Illegal return statement
[ 6128865ms] Illegal return statement
[ 6128866ms] Illegal return statement
[ 6129157ms] Illegal return statement
[ 6129167ms] Illegal return statement
[ 6129180ms] Illegal return statement
[ 6129182ms] Illegal return statement
[ 6129785ms] Illegal return statement
[ 6129813ms] Illegal return statement
[ 6129815ms] Illegal return statement
[ 6129823ms] Illegal return statement
[ 6130341ms] Illegal return statement
[ 6130345ms] Illegal return statement
[ 6130347ms] Illegal return statement
[ 6130348ms] Illegal return statement
[ 6131838ms] Illegal return statement
[ 6131840ms] Illegal return statement
[ 6131842ms] Illegal return statement
[ 6131844ms] Illegal return statement
[ 6133081ms] Illegal return statement
[ 6133083ms] Illegal return statement
[ 6133084ms] Illegal return statement
[ 6133084ms] Illegal return statement
[ 6133689ms] Illegal return statement
[ 6133694ms] Illegal return statement
[ 6133696ms] Illegal return statement
[ 6133698ms] Illegal return statement
[ 6134085ms] Illegal return statement
[ 6134089ms] Illegal return statement
[ 6134091ms] Illegal return statement
[ 6134096ms] Illegal return statement
[ 6134502ms] Illegal return statement
[ 6134506ms] Illegal return statement
[ 6134507ms] Illegal return statement
[ 6134511ms] Illegal return statement
[ 6134863ms] Illegal return statement
[ 6134864ms] Illegal return statement
[ 6134866ms] Illegal return statement
[ 6134869ms] Illegal return statement
[ 6135170ms] Illegal return statement
[ 6135171ms] Illegal return statement
[ 6135171ms] Illegal return statement
[ 6135172ms] Illegal return statement
[ 6135471ms] Illegal return statement
[ 6135471ms] Illegal return statement
[ 6135472ms] Illegal return statement
[ 6135473ms] Illegal return statement
[ 6135988ms] Illegal return statement
[ 6135989ms] Illegal return statement
[ 6135993ms] Illegal return statement
[ 6135994ms] Illegal return statement
[ 6136494ms] Illegal return statement
[ 6136495ms] Illegal return statement
[ 6136495ms] Illegal return statement
[ 6136495ms] Illegal return statement
[ 6136924ms] Illegal return statement
[ 6136928ms] Illegal return statement
[ 6136929ms] Illegal return statement
[ 6136930ms] Illegal return statement
[ 6137234ms] Illegal return statement
[ 6137234ms] Illegal return statement
[ 6137235ms] Illegal return statement
[ 6137236ms] Illegal return statement
[ 6137583ms] Illegal return statement
[ 6137605ms] Illegal return statement
[ 6137618ms] Illegal return statement
[ 6137621ms] Illegal return statement
[ 6138117ms] Illegal return statement
[ 6138118ms] Illegal return statement
[ 6138121ms] Illegal return statement
[ 6138122ms] Illegal return statement
[ 6138461ms] Illegal return statement
[ 6138461ms] Illegal return statement
[ 6138461ms] Illegal return statement
[ 6138462ms] Illegal return statement
[ 6138710ms] Illegal return statement
[ 6138711ms] Illegal return statement
[ 6138711ms] Illegal return statement
[ 6138713ms] Illegal return statement
[ 6139016ms] Illegal return statement
[ 6139019ms] Illegal return statement
[ 6139022ms] Illegal return statement
[ 6139028ms] Illegal return statement
[ 6139531ms] Illegal return statement
[ 6139531ms] Illegal return statement
[ 6139532ms] Illegal return statement
[ 6139533ms] Illegal return statement
[ 6139797ms] Illegal return statement
[ 6139812ms] Illegal return statement
[ 6139820ms] Illegal return statement
[ 6139826ms] Illegal return statement
[ 6140131ms] Illegal return statement
[ 6140142ms] Illegal return statement
[ 6140145ms] Illegal return statement
[ 6140148ms] Illegal return statement
[ 6140433ms] Illegal return statement
[ 6140434ms] Illegal return statement
[ 6140434ms] Illegal return statement
[ 6140435ms] Illegal return statement
[ 6140785ms] Illegal return statement
[ 6140786ms] Illegal return statement
[ 6140786ms] Illegal return statement
[ 6140787ms] Illegal return statement
[ 6141054ms] Illegal return statement
[ 6141075ms] Illegal return statement
[ 6141076ms] Illegal return statement
[ 6141077ms] Illegal return statement
[ 6141354ms] Illegal return statement
[ 6141354ms] Illegal return statement
[ 6141355ms] Illegal return statement
[ 6141357ms] Illegal return statement
[ 6141649ms] Illegal return statement
[ 6141650ms] Illegal return statement
[ 6141665ms] Illegal return statement
[ 6141668ms] Illegal return statement
[ 6141952ms] Illegal return statement
[ 6141952ms] Illegal return statement
[ 6141961ms] Illegal return statement
[ 6141962ms] Illegal return statement
[ 6142211ms] Illegal return statement
[ 6142212ms] Illegal return statement
[ 6142212ms] Illegal return statement
[ 6142213ms] Illegal return statement
[ 6142478ms] Illegal return statement
[ 6142479ms] Illegal return statement
[ 6142480ms] Illegal return statement
[ 6142483ms] Illegal return statement
[ 6142726ms] Illegal return statement
[ 6142737ms] Illegal return statement
[ 6142739ms] Illegal return statement
[ 6142740ms] Illegal return statement
[ 6142998ms] Illegal return statement
[ 6142999ms] Illegal return statement
[ 6143001ms] Illegal return statement
[ 6143002ms] Illegal return statement
[ 6143295ms] Illegal return statement
[ 6143295ms] Illegal return statement
[ 6143296ms] Illegal return statement
[ 6143296ms] Illegal return statement
[ 6143567ms] Illegal return statement
[ 6143568ms] Illegal return statement
[ 6143574ms] Illegal return statement
[ 6143586ms] Illegal return statement
[ 6143924ms] Illegal return statement
[ 6143925ms] Illegal return statement
[ 6143925ms] Illegal return statement
[ 6143931ms] Illegal return statement
[ 6144503ms] Illegal return statement
[ 6144507ms] Illegal return statement
[ 6144510ms] Illegal return statement
[ 6144511ms] Illegal return statement
[ 6144966ms] Illegal return statement
[ 6144968ms] Illegal return statement
[ 6144976ms] Illegal return statement
[ 6144978ms] Illegal return statement
[ 6145232ms] Illegal return statement
[ 6145232ms] Illegal return statement
[ 6145233ms] Illegal return statement
[ 6145234ms] Illegal return statement
[ 6145607ms] Illegal return statement
[ 6145607ms] Illegal return statement
[ 6145608ms] Illegal return statement
[ 6145608ms] Illegal return statement
[ 6145974ms] Illegal return statement
[ 6145974ms] Illegal return statement
[ 6145975ms] Illegal return statement
[ 6145978ms] Illegal return statement
[ 6146592ms] Illegal return statement
[ 6146593ms] Illegal return statement
[ 6146594ms] Illegal return statement
[ 6146595ms] Illegal return statement
[ 6146864ms] Illegal return statement
[ 6146865ms] Illegal return statement
[ 6146865ms] Illegal return statement
[ 6146867ms] Illegal return statement
[ 6147147ms] Illegal return statement
[ 6147147ms] Illegal return statement
[ 6147148ms] Illegal return statement
[ 6147149ms] Illegal return statement
[ 6147446ms] Illegal return statement
[ 6147462ms] Illegal return statement
[ 6147464ms] Illegal return statement
[ 6147465ms] Illegal return statement
[ 6147866ms] Illegal return statement
[ 6147866ms] Illegal return statement
[ 6147867ms] Illegal return statement
[ 6147874ms] Illegal return statement
[ 6148297ms] Illegal return statement
[ 6148299ms] Illegal return statement
[ 6148301ms] Illegal return statement
[ 6148305ms] Illegal return statement
[ 6148590ms] Illegal return statement
[ 6148598ms] Illegal return statement
[ 6148599ms] Illegal return statement
[ 6148600ms] Illegal return statement
[ 6148891ms] Illegal return statement
[ 6148892ms] Illegal return statement
[ 6148892ms] Illegal return statement
[ 6148893ms] Illegal return statement
[ 6149215ms] Illegal return statement
[ 6149216ms] Illegal return statement
[ 6149216ms] Illegal return statement
[ 6149217ms] Illegal return statement
[ 6149506ms] Illegal return statement
[ 6149506ms] Illegal return statement
[ 6149507ms] Illegal return statement
[ 6149508ms] Illegal return statement
[ 6149839ms] Illegal return statement
[ 6149840ms] Illegal return statement
[ 6149841ms] Illegal return statement
[ 6149843ms] Illegal return statement
[ 6150284ms] Illegal return statement
[ 6150286ms] Illegal return statement
[ 6150288ms] Illegal return statement
[ 6150310ms] Illegal return statement
[ 6151063ms] Illegal return statement
[ 6151066ms] Illegal return statement
[ 6151068ms] Illegal return statement
[ 6151073ms] Illegal return statement
[ 6151407ms] Illegal return statement
[ 6151407ms] Illegal return statement
[ 6151408ms] Illegal return statement
[ 6151409ms] Illegal return statement
[ 6151622ms] Illegal return statement
[ 6151623ms] Illegal return statement
[ 6151623ms] Illegal return statement
[ 6151623ms] Illegal return statement
[ 6151902ms] Illegal return statement
[ 6151903ms] Illegal return statement
[ 6151904ms] Illegal return statement
[ 6151905ms] Illegal return statement
[ 6152129ms] Illegal return statement
[ 6152129ms] Illegal return statement
[ 6152130ms] Illegal return statement
[ 6152130ms] Illegal return statement
[ 6152396ms] Illegal return statement
[ 6152397ms] Illegal return statement
[ 6152397ms] Illegal return statement
[ 6152398ms] Illegal return statement
[ 6152662ms] Illegal return statement
[ 6152665ms] Illegal return statement
[ 6152666ms] Illegal return statement
[ 6152671ms] Illegal return statement
[ 6153315ms] Illegal return statement
[ 6153327ms] Illegal return statement
[ 6153328ms] Illegal return statement
[ 6153330ms] Illegal return statement
[ 6153554ms] Illegal return statement
[ 6153569ms] Illegal return statement
[ 6153572ms] Illegal return statement
[ 6153574ms] Illegal return statement
[ 6153775ms] Illegal return statement
[ 6153775ms] Illegal return statement
[ 6153776ms] Illegal return statement
[ 6153778ms] Illegal return statement
[ 6153864ms] Illegal return statement
[ 6153865ms] Illegal return statement
[ 6153866ms] Illegal return statement
[ 6153869ms] Illegal return statement
[ 6406571ms] Illegal return statement
[ 6406573ms] Illegal return statement
[ 6406575ms] Illegal return statement
[ 6406578ms] Illegal return statement
[ 6451578ms] Illegal return statement
[ 6451588ms] Illegal return statement
[ 6451588ms] Illegal return statement
[ 6451589ms] Illegal return statement
[ 6454413ms] Illegal return statement
[ 6454414ms] Illegal return statement
[ 6454414ms] Illegal return statement
[ 6454416ms] Illegal return statement
[ 6566244ms] Illegal return statement
[ 6566244ms] Illegal return statement
[ 6566244ms] Illegal return statement
[ 6566249ms] Illegal return statement
[ 6570717ms] Illegal return statement
[ 6570717ms] Illegal return statement
[ 6570718ms] Illegal return statement
[ 6570719ms] Illegal return statement
[ 6603348ms] Illegal return statement
[ 6603349ms] Illegal return statement
[ 6603351ms] Illegal return statement
[ 6603353ms] Illegal return statement
[ 6625437ms] Illegal return statement
[ 6625437ms] Illegal return statement
[ 6625438ms] Illegal return statement
[ 6625438ms] Illegal return statement
[ 6627934ms] Illegal return statement
[ 6627934ms] Illegal return statement
[ 6627935ms] Illegal return statement
[ 6627935ms] Illegal return statement
[ 6641775ms] Illegal return statement
[ 6641778ms] Illegal return statement
[ 6641779ms] Illegal return statement
[ 6641781ms] Illegal return statement
[ 6653108ms] Illegal return statement
[ 6653108ms] Illegal return statement
[ 6653109ms] Illegal return statement
[ 6653110ms] Illegal return statement
[ 6670583ms] Illegal return statement
[ 6670585ms] Illegal return statement
[ 6670587ms] Illegal return statement
[ 6670593ms] Illegal return statement
[ 6681641ms] Illegal return statement
[ 6681642ms] Illegal return statement
[ 6681642ms] Illegal return statement
[ 6681643ms] Illegal return statement
[ 6686712ms] Illegal return statement
[ 6686717ms] Illegal return statement
[ 6686719ms] Illegal return statement
[ 6686721ms] Illegal return statement
[ 6694211ms] Illegal return statement
[ 6694211ms] Illegal return statement
[ 6694212ms] Illegal return statement
[ 6694212ms] Illegal return statement
[ 6706263ms] Illegal return statement
[ 6706263ms] Illegal return statement
[ 6706264ms] Illegal return statement
[ 6706264ms] Illegal return statement
[ 6725620ms] Illegal return statement
[ 6725623ms] Illegal return statement
[ 6725630ms] Illegal return statement
[ 6725633ms] Illegal return statement
[ 6727645ms] Illegal return statement
[ 6727645ms] Illegal return statement
[ 6727647ms] Illegal return statement
[ 6727648ms] Illegal return statement
[ 6743690ms] Illegal return statement
[ 6743692ms] Illegal return statement
[ 6743694ms] Illegal return statement
[ 6743696ms] Illegal return statement
[ 6745420ms] Illegal return statement
[ 6745422ms] Illegal return statement
[ 6745423ms] Illegal return statement
[ 6745424ms] Illegal return statement
[ 6751358ms] Illegal return statement
[ 6751358ms] Illegal return statement
[ 6751358ms] Illegal return statement
[ 6751359ms] Illegal return statement
[ 6763573ms] Illegal return statement
[ 6763574ms] Illegal return statement
[ 6763581ms] Illegal return statement
[ 6763606ms] Illegal return statement
[ 6766284ms] Illegal return statement
[ 6766285ms] Illegal return statement
[ 6766285ms] Illegal return statement
[ 6766286ms] Illegal return statement
[ 6809292ms] Illegal return statement
[ 6809293ms] Illegal return statement
[ 6809293ms] Illegal return statement
[ 6809294ms] Illegal return statement
[ 6820324ms] Illegal return statement
[ 6820325ms] Illegal return statement
[ 6820326ms] Illegal return statement
[ 6820330ms] Illegal return statement
[ 6910201ms] Illegal return statement
[ 6910202ms] Illegal return statement
[ 6910205ms] Illegal return statement
[ 6910206ms] Illegal return statement
[ 6964361ms] Illegal return statement
[ 6964366ms] Illegal return statement
[ 6964369ms] Illegal return statement
[ 6964371ms] Illegal return statement
[ 6967132ms] Illegal return statement
[ 6967133ms] Illegal return statement
[ 6967133ms] Illegal return statement
[ 6967135ms] Illegal return statement
[ 6980462ms] Illegal return statement
[ 6980469ms] Illegal return statement
[ 6980469ms] Illegal return statement
[ 6980469ms] Illegal return statement
[ 7012916ms] Illegal return statement
[ 7012917ms] Illegal return statement
[ 7012917ms] Illegal return statement
[ 7012920ms] Illegal return statement
[ 7017112ms] Illegal return statement
[ 7017113ms] Illegal return statement
[ 7017113ms] Illegal return statement
[ 7017114ms] Illegal return statement
[ 7073934ms] Illegal return statement
[ 7073935ms] Illegal return statement
[ 7073936ms] Illegal return statement
[ 7073944ms] Illegal return statement
[ 7085657ms] Illegal return statement
[ 7085658ms] Illegal return statement
[ 7085660ms] Illegal return statement
[ 7085660ms] Illegal return statement
[ 7098183ms] [ERROR] Failed to load resource: the server responded with a status of 404 (Not Found) @ http://localhost:4321/fr/docs/design/accordion:0
[ 7098379ms] Illegal return statement
[ 7098379ms] Illegal return statement
[ 7098380ms] Illegal return statement
[ 7098382ms] Illegal return statement
[ 7101590ms] [ERROR] Failed to load resource: the server responded with a status of 404 (Not Found) @ http://localhost:4321/fr/docs/design/accordeon:0
[ 7101778ms] Illegal return statement
[ 7101779ms] Illegal return statement
[ 7101780ms] Illegal return statement
[ 7101781ms] Illegal return statement
[ 7105456ms] [ERROR] Failed to load resource: the server responded with a status of 404 (Not Found) @ http://localhost:4321/fr/docs/design/bouton:0
[ 7105657ms] Illegal return statement
[ 7105658ms] Illegal return statement
[ 7105660ms] Illegal return statement
[ 7105661ms] Illegal return statement
[ 7110199ms] [ERROR] Failed to load resource: the server responded with a status of 404 (Not Found) @ http://localhost:4321/fr/docs/design/components:0
[ 7110360ms] Illegal return statement
[ 7110360ms] Illegal return statement
[ 7110361ms] Illegal return statement
[ 7110362ms] Illegal return statement
[ 7117905ms] [ERROR] Failed to load resource: the server responded with a status of 404 (Not Found) @ http://localhost:4321/fr/docs/design/components/:0
[ 7118080ms] Illegal return statement
[ 7118081ms] Illegal return statement
[ 7118081ms] Illegal return statement
[ 7118083ms] Illegal return statement
[ 7121843ms] [ERROR] Failed to load resource: the server responded with a status of 404 (Not Found) @ http://localhost:4321/fr/docs/design/components/bouton:0
[ 7121982ms] Illegal return statement
[ 7121983ms] Illegal return statement
[ 7121983ms] Illegal return statement
[ 7121984ms] Illegal return statement
[ 7153691ms] [ERROR] Failed to load resource: the server responded with a status of 404 (Not Found) @ http://localhost:4321/fr/docs/design/alerts:0
[ 7153838ms] Illegal return statement
[ 7153839ms] Illegal return statement
[ 7153840ms] Illegal return statement
[ 7153841ms] Illegal return statement
[ 7157497ms] [ERROR] Failed to load resource: the server responded with a status of 404 (Not Found) @ http://localhost:4321/en/docs/design/alerts:0
[ 7157691ms] Illegal return statement
[ 7157695ms] Illegal return statement
[ 7157702ms] Illegal return statement
[ 7157707ms] Illegal return statement
[ 7160607ms] [ERROR] Failed to load resource: the server responded with a status of 404 (Not Found) @ http://localhost:4321/fr/docs/design/alerts:0
[ 7160789ms] Illegal return statement
[ 7160789ms] Illegal return statement
[ 7160790ms] Illegal return statement
[ 7160790ms] Illegal return statement
[ 7164125ms] [ERROR] Failed to load resource: the server responded with a status of 404 (Not Found) @ http://localhost:4321/fr/docs/design/alerte:0
[ 7164288ms] Illegal return statement
[ 7164289ms] Illegal return statement
[ 7164290ms] Illegal return statement
[ 7164291ms] Illegal return statement
[ 7189912ms] [ERROR] Failed to load resource: the server responded with a status of 404 (Not Found) @ http://localhost:4321/fr/docs/design/alerte:0
[ 7190009ms] Illegal return statement
[ 7190009ms] Illegal return statement
[ 7190010ms] Illegal return statement
[ 7190010ms] Illegal return statement
[ 7194672ms] [ERROR] Failed to load resource: the server responded with a status of 404 (Not Found) @ http://localhost:4321/fr/docs/design/alerte:0
[ 7194771ms] Illegal return statement
[ 7194771ms] Illegal return statement
[ 7196110ms] [ERROR] Failed to load resource: the server responded with a status of 404 (Not Found) @ http://localhost:4321/fr/docs/design/alerte:0
[ 7196334ms] Illegal return statement
[ 7196341ms] Illegal return statement
[ 7222462ms] [ERROR] Failed to load resource: the server responded with a status of 404 (Not Found) @ http://localhost:4321/fr/docs/design/alerte:0
[ 7228506ms] [ERROR] Failed to load resource: the server responded with a status of 404 (Not Found) @ http://localhost:4321/fr/docs/design/alerte:0
[ 7228773ms] Illegal return statement
[ 7228776ms] Illegal return statement
[ 7233005ms] [ERROR] Failed to load resource: the server responded with a status of 404 (Not Found) @ http://localhost:4321/fr/docs/design/alerte:0
[ 7233290ms] Illegal return statement
[ 7233292ms] Illegal return statement
[ 7237698ms] Illegal return statement
[ 7237699ms] Illegal return statement
[ 7242102ms] Illegal return statement
[ 7242103ms] Illegal return statement
