// Vitest Snapshot v1, https://vitest.dev/guide/snapshot.html

exports[`Component: Badge > should apply variant and color classes > Badge-futuristic-accent 1`] = `"<span class="badge futuristic accent" data-astro-cid-35zd7xm4 data-astro-source-file="C:/Users/Utilisateur/Documents/concordia/src/components/ui/Badge.astro" data-astro-source-loc="37:46">  Futuristic Accent   </span> "`;

exports[`Component: Badge > should render correctly with default props > Badge-default 1`] = `"<span class="badge" data-astro-cid-35zd7xm4 data-astro-source-file="C:/Users/Utilisateur/Documents/concordia/src/components/ui/Badge.astro" data-astro-source-loc="37:46">  Default Badge   </span> "`;
